// Jest Snapshot v1, https://goo.gl/fbAQLP

exports[`Header Component renders properly 1`] = `
<styled.nav>
  <Styled(NavLink)
    activeClassName="selected"
    activeStyle={
      Object {
        "color": "#bcddff",
        "textDecoration": "none",
      }
    }
    to="/dashboard"
  >
    <Component />
    Exp3nse Tracker
  </Styled(NavLink)>
  <styled.button
    onClick={[Function]}
  >
    <Component />
  </styled.button>
  <styled.ul
    show={false}
  >
    <li>
      <NavLink
        activeClassName="selected"
        activeStyle={
          Object {
            "color": "#bcddff",
            "textDecoration": "none",
          }
        }
        aria-current="page"
        to="/create"
      >
        <Component />
        Add Expense
      </NavLink>
    </li>
    <li>
      <a
        href="https://github.com/Ilya-Meer/Expense-Tracker"
        rel="noopener"
        target="_blank"
      >
        <Component />
        View on Github
      </a>
    </li>
    <li
      onClick={[Function]}
    >
      <Component />
      Log Out
    </li>
  </styled.ul>
</styled.nav>
`;
